2026-03-02 13:09:23    Processing       45 files in is
2026-03-02 13:09:23    ✓ Moved: ./isMmddyyyyDate.ts → isMmddyyyyDate/isMmddyyyyDate.ts
2026-03-02 13:09:23    ✓ Moved: ./isClass.ts → isClass/isClass.ts
2026-03-02 13:09:23    ✓ Moved: ./isUrlCompliant.ts → isUrlCompliant/isUrlCompliant.ts
2026-03-02 13:09:23    ✓ Moved: ./isObject.ts → isObject/isObject.ts
2026-03-02 13:09:23    ✓ Moved: ./isEmail.ts → isEmail/isEmail.ts
2026-03-02 13:09:23    ✓ Moved: ./isBase64.ts → isBase64/isBase64.ts
2026-03-02 13:09:23    ✓ Moved: ./isCjs.ts → isCjs/isCjs.ts
2026-03-02 13:09:23    ✓ Moved: ./isDomNode.ts → isDomNode/isDomNode.ts
2026-03-02 13:09:23    ✓ Moved: ./isGlob.ts → isGlob/isGlob.ts
2026-03-02 13:09:23    ✓ Moved: ./isYyyymmddDate.ts → isYyyymmddDate/isYyyymmddDate.ts
2026-03-02 13:09:23    ✓ Moved: ./isIsoDateTime.ts → isIsoDateTime/isIsoDateTime.ts
2026-03-02 13:09:23    ✓ Moved: ./isFunction.ts → isFunction/isFunction.ts
2026-03-02 13:09:23    ✓ Moved: ./isModuleSystem.ts → isModuleSystem/isModuleSystem.ts
2026-03-02 13:09:23    ✓ Moved: ./isImageUrl.ts → isImageUrl/isImageUrl.ts
2026-03-02 13:09:23    ✓ Moved: ./isJson.ts → isJson/isJson.ts
2026-03-02 13:09:23    ✓ Moved: ./isRegex.ts → isRegex/isRegex.ts
2026-03-02 13:09:23    ✓ Moved: ./isCreditCard.ts → isCreditCard/isCreditCard.ts
2026-03-02 13:09:23    ✓ Moved: ./isPlainObject.ts → isPlainObject/isPlainObject.ts
2026-03-02 13:09:23    ✓ Moved: ./isPath.ts → isPath/isPath.ts
2026-03-02 13:09:23    ✓ Moved: ./isTestEnv.ts → isTestEnv/isTestEnv.ts
2026-03-02 13:09:23    ✓ Moved: ./isBoolean.ts → isBoolean/isBoolean.ts
2026-03-02 13:09:23    ✓ Moved: ./isIdCompliant.ts → isIdCompliant/isIdCompliant.ts
2026-03-02 13:09:23    ✓ Moved: ./isNumber.ts → isNumber/isNumber.ts
2026-03-02 13:09:23    ✓ Moved: ./isEsm.ts → isEsm/isEsm.ts
2026-03-02 13:09:23    ✓ Moved: ./isIsoDate.ts → isIsoDate/isIsoDate.ts
2026-03-02 13:09:23    ✓ Moved: ./isDdmmyyyyDate.ts → isDdmmyyyyDate/isDdmmyyyyDate.ts
2026-03-02 13:09:23    ✓ Moved: ./isClassInstance.ts → isClassInstance/isClassInstance.ts
2026-03-02 13:09:23    ✓ Moved: ./isNode.ts → isNode/isNode.ts
2026-03-02 13:09:23    ✓ Moved: ./isLinux.ts → isLinux/isLinux.ts
2026-03-02 13:09:23    ✓ Moved: ./isArray.ts → isArray/isArray.ts
2026-03-02 13:09:23    ✓ Moved: ./isOdd.ts → isOdd/isOdd.ts
2026-03-02 13:09:23    ✓ Moved: ./isEven.ts → isEven/isEven.ts
2026-03-02 13:09:23    ✓ Moved: ./isIsoTime.ts → isIsoTime/isIsoTime.ts
2026-03-02 13:09:23    ✓ Moved: ./isColor.ts → isColor/isColor.ts
2026-03-02 13:09:23    ✓ Moved: ./isValidNumber.ts → isValidNumber/isValidNumber.ts
2026-03-02 13:09:23    ✓ Moved: ./isOsx.ts → isOsx/isOsx.ts
2026-03-02 13:09:23    ✓ Moved: ./isDomElement.ts → isDomElement/isDomElement.ts
2026-03-02 13:09:23    ✓ Moved: ./isInteger.ts → isInteger/isInteger.ts
2026-03-02 13:09:23    ✓ Moved: ./isBrowser.ts → isBrowser/isBrowser.ts
2026-03-02 13:09:23    ✓ Moved: ./isCyclic.ts → isCyclic/isCyclic.ts
2026-03-02 13:09:23    ✓ Moved: ./isWindows.ts → isWindows/isWindows.ts
2026-03-02 13:09:23    ✓ Moved: ./isUrl.ts → isUrl/isUrl.ts
2026-03-02 13:09:23    ✓ Moved: ./isMap.ts → isMap/isMap.ts
2026-03-02 13:09:23    ✓ Moved: ./isString.ts → isString/isString.ts
2026-03-02 13:09:23    ✓ Moved: ./isTerminal.ts → isTerminal/isTerminal.ts
2026-03-02 13:09:23    ✅ Completed category: is
2026-03-02 13:09:23    📝 Updating _exports.ts for is
2026-03-02 13:09:23    ✅ Updated _exports.ts for is
2026-03-02 13:09:23 📁 Processing category: string
