2026-03-02 13:09:24    Processing       29 files in object
2026-03-02 13:09:24    ✓ Moved: ./toJson.ts → toJson/toJson.ts
2026-03-02 13:09:24    ✓ Moved: ./clone.ts → clone/clone.ts
2026-03-02 13:09:24    ✓ Moved: ./cleanDeep.ts → cleanDeep/cleanDeep.ts
2026-03-02 13:09:24    ✓ Moved: ./filterObject.ts → filterObject/filterObject.ts
2026-03-02 13:09:24    ✓ Moved: ./get.ts → get/get.ts
2026-03-02 13:09:24    ✓ Moved: ./objectHash.ts → objectHash/objectHash.ts
2026-03-02 13:09:24    ✓ Moved: ./set.ts → set/set.ts
2026-03-02 13:09:24    ✓ Moved: ./mapDeep.ts → mapDeep/mapDeep.ts
2026-03-02 13:09:24    ✓ Moved: ./diff.ts → diff/diff.ts
2026-03-02 13:09:24    ✓ Moved: ./cloneInstance.ts → cloneInstance/cloneInstance.ts
2026-03-02 13:09:24    ✓ Moved: ./proxyDeep.ts → proxyDeep/proxyDeep.ts
2026-03-02 13:09:24    ✓ Moved: ./map.ts → map/map.ts
2026-03-02 13:09:24    ✓ Moved: ./camelCaseProps.ts → camelCaseProps/camelCaseProps.ts
2026-03-02 13:09:24    ✓ Moved: ./filterDeep.ts → filterDeep/filterDeep.ts
2026-03-02 13:09:24    ✓ Moved: ./ensurePropertyExists.ts → ensurePropertyExists/ensurePropertyExists.ts
2026-03-02 13:09:24    ✓ Moved: ./toQueryString.ts → toQueryString/toQueryString.ts
2026-03-02 13:09:24    ✓ Moved: ./decycle.ts → decycle/decycle.ts
2026-03-02 13:09:24    ✓ Moved: ./remove.ts → remove/remove.ts
2026-03-02 13:09:24    ✓ Moved: ./propertyProxy.ts → propertyProxy/propertyProxy.ts
2026-03-02 13:09:24    ✓ Moved: ./sort.ts → sort/sort.ts
2026-03-02 13:09:24    ✓ Moved: ./mergeDeep.ts → mergeDeep/mergeDeep.ts
2026-03-02 13:09:24    ✓ Moved: ./unflatten.ts → unflatten/unflatten.ts
2026-03-02 13:09:24    ✓ Moved: ./getKeyByValue.ts → getKeyByValue/getKeyByValue.ts
2026-03-02 13:09:24    ✓ Moved: ./deleteProperty.ts → deleteProperty/deleteProperty.ts
2026-03-02 13:09:24    ✓ Moved: ./findDeep.ts → findDeep/findDeep.ts
2026-03-02 13:09:24    ✓ Moved: ./toPlainObject.ts → toPlainObject/toPlainObject.ts
2026-03-02 13:09:24    ✓ Moved: ./flatten.ts → flatten/flatten.ts
2026-03-02 13:09:24    ✓ Moved: ./sortDeep.ts → sortDeep/sortDeep.ts
2026-03-02 13:09:24    ✓ Moved: ./getGlob.ts → getGlob/getGlob.ts
2026-03-02 13:09:24    ✅ Completed category: object
2026-03-02 13:09:24    📝 Updating _exports.ts for object
2026-03-02 13:09:24    ✅ Updated _exports.ts for object
2026-03-02 13:09:24 📁 Processing category: package
