2026-03-02 13:09:24    Processing       41 files in fs
2026-03-02 13:09:24    ✓ Moved: ./writeJsonSync.ts → writeJsonSync/writeJsonSync.ts
2026-03-02 13:09:24    ✓ Moved: ./findUp.ts → findUp/findUp.ts
2026-03-02 13:09:24    ✓ Moved: ./filename.ts → filename/filename.ts
2026-03-02 13:09:24    ✓ Moved: ./appendToFileSync.ts → appendToFileSync/appendToFileSync.ts
2026-03-02 13:09:24    ✓ Moved: ./writeTmpFile.ts → writeTmpFile/writeTmpFile.ts
2026-03-02 13:09:24    ✓ Moved: ./renameSync.ts → renameSync/renameSync.ts
2026-03-02 13:09:24    ✓ Moved: ./copySync.ts → copySync/copySync.ts
2026-03-02 13:09:24    ✓ Moved: ./writeFileSync.ts → writeFileSync/writeFileSync.ts
2026-03-02 13:09:24    ✓ Moved: ./folderSize.ts → folderSize/folderSize.ts
2026-03-02 13:09:24    ✓ Moved: ./moveSync.ts → moveSync/moveSync.ts
2026-03-02 13:09:24    ✓ Moved: ./readJson.ts → readJson/readJson.ts
2026-03-02 13:09:24    ✓ Moved: ./emptyDirSync.ts → emptyDirSync/emptyDirSync.ts
2026-03-02 13:09:24    ✓ Moved: ./ensureFile.ts → ensureFile/ensureFile.ts
2026-03-02 13:09:24    ✓ Moved: ./isPath.ts → isPath/isPath.ts
2026-03-02 13:09:24    ✓ Moved: ./move.ts → move/move.ts
2026-03-02 13:09:24    ✓ Moved: ./unlink.ts → unlink/unlink.ts
2026-03-02 13:09:24    ✓ Moved: ./ensureFileSync.ts → ensureFileSync/ensureFileSync.ts
2026-03-02 13:09:24    ✓ Moved: ./extension.ts → extension/extension.ts
2026-03-02 13:09:24    ✓ Moved: ./pickOneSync.ts → pickOneSync/pickOneSync.ts
2026-03-02 13:09:24    ✓ Moved: ./unlinkSync.ts → unlinkSync/unlinkSync.ts
2026-03-02 13:09:24    ✓ Moved: ./fileHashSync.ts → fileHashSync/fileHashSync.ts
2026-03-02 13:09:24    ✓ Moved: ./readJsonSync.ts → readJsonSync/readJsonSync.ts
2026-03-02 13:09:24    ✓ Moved: ./readXmlSync.ts → readXmlSync/readXmlSync.ts
2026-03-02 13:09:24    ✓ Moved: ./ensureDirSync.ts → ensureDirSync/ensureDirSync.ts
2026-03-02 13:09:24    ✓ Moved: ./folderHashSync.ts → folderHashSync/folderHashSync.ts
2026-03-02 13:09:24    ✓ Moved: ./prependToFileSync.ts → prependToFileSync/prependToFileSync.ts
2026-03-02 13:09:24    ✓ Moved: ./writeTmpFileSync.ts → writeTmpFileSync/writeTmpFileSync.ts
2026-03-02 13:09:24    ✓ Moved: ./copy.ts → copy/copy.ts
2026-03-02 13:09:24    ✓ Moved: ./writeFile.ts → writeFile/writeFile.ts
2026-03-02 13:09:24    ✓ Moved: ./existsSync.ts → existsSync/existsSync.ts
2026-03-02 13:09:24    ✓ Moved: ./remove.ts → remove/remove.ts
2026-03-02 13:09:24    ✓ Moved: ./folderPath.ts → folderPath/folderPath.ts
2026-03-02 13:09:24    ✓ Moved: ./removeSync.ts → removeSync/removeSync.ts
2026-03-02 13:09:24    ✓ Moved: ./dirname.ts → dirname/dirname.ts
2026-03-02 13:09:24    ✓ Moved: ./checkPathWithMultipleExtensions.ts → checkPathWithMultipleExtensions/checkPathWithMultipleExtensions.ts
2026-03-02 13:09:24    ✓ Moved: ./rename.ts → rename/rename.ts
2026-03-02 13:09:24    ✓ Moved: ./grabFirstExistingSync.ts → grabFirstExistingSync/grabFirstExistingSync.ts
2026-03-02 13:09:24    ✓ Moved: ./ensureDir.ts → ensureDir/ensureDir.ts
2026-03-02 13:09:24    ✓ Moved: ./writeJson.ts → writeJson/writeJson.ts
2026-03-02 13:09:24    ✓ Moved: ./emptyDir.ts → emptyDir/emptyDir.ts
2026-03-02 13:09:24    ✓ Moved: ./exists.ts → exists/exists.ts
2026-03-02 13:09:24    ✅ Completed category: fs
2026-03-02 13:09:24    📝 Updating _exports.ts for fs
2026-03-02 13:09:24    ✅ Updated _exports.ts for fs
2026-03-02 13:09:24 📁 Processing category: dom
