2026-03-02 13:09:23    Processing       44 files in string
2026-03-02 13:09:23    ✓ Moved: ./lowerFirst.ts → lowerFirst/lowerFirst.ts
2026-03-02 13:09:23    ✓ Moved: ./constantCase.ts → constantCase/constantCase.ts
2026-03-02 13:09:24    ✓ Moved: ./extractSame.ts → extractSame/extractSame.ts
2026-03-02 13:09:24    ✓ Moved: ./camelCase.ts → camelCase/camelCase.ts
2026-03-02 13:09:24    ✓ Moved: ./trainCase.ts → trainCase/trainCase.ts
2026-03-02 13:09:24    ✓ Moved: ./replaceChunks.ts → replaceChunks/replaceChunks.ts
2026-03-02 13:09:24    ✓ Moved: ./countLineChars.ts → countLineChars/countLineChars.ts
2026-03-02 13:09:24    ✓ Moved: ./stripAnsi.ts → stripAnsi/stripAnsi.ts
2026-03-02 13:09:24    ✓ Moved: ./trimLines.ts → trimLines/trimLines.ts
2026-03-02 13:09:24    ✓ Moved: ./dotCase.ts → dotCase/dotCase.ts
2026-03-02 13:09:24    ✓ Moved: ./parse.ts → parse/parse.ts
2026-03-02 13:09:24    ✓ Moved: ./capitalCase.ts → capitalCase/capitalCase.ts
2026-03-02 13:09:24    ✓ Moved: ./pathCase.ts → pathCase/pathCase.ts
2026-03-02 13:09:24    ✓ Moved: ./escapeRegexChars.ts → escapeRegexChars/escapeRegexChars.ts
2026-03-02 13:09:24    ✓ Moved: ./uncamelize.ts → uncamelize/uncamelize.ts
2026-03-02 13:09:24    ✓ Moved: ./splitEvery.ts → splitEvery/splitEvery.ts
2026-03-02 13:09:24    ✓ Moved: ./unquote.ts → unquote/unquote.ts
2026-03-02 13:09:24    ✓ Moved: ./sprintf.ts → sprintf/sprintf.ts
2026-03-02 13:09:24    ✓ Moved: ./paramCase.ts → paramCase/paramCase.ts
2026-03-02 13:09:24    ✓ Moved: ./namespaceCompliant.ts → namespaceCompliant/namespaceCompliant.ts
2026-03-02 13:09:24    ✓ Moved: ./highlightText.ts → highlightText/highlightText.ts
2026-03-02 13:09:24    ✓ Moved: ./idCompliant.ts → idCompliant/idCompliant.ts
2026-03-02 13:09:24    ✓ Moved: ./snakeCase.ts → snakeCase/snakeCase.ts
2026-03-02 13:09:24    ✓ Moved: ./crop.ts → crop/crop.ts
2026-03-02 13:09:24    ✓ Moved: ./upperFirst.ts → upperFirst/upperFirst.ts
2026-03-02 13:09:24    ✓ Moved: ./rtrim.ts → rtrim/rtrim.ts
2026-03-02 13:09:24    ✓ Moved: ./pascalSnakeCase.ts → pascalSnakeCase/pascalSnakeCase.ts
2026-03-02 13:09:24    ✓ Moved: ./toString.ts → toString/toString.ts
2026-03-02 13:09:24    ✓ Moved: ./stripDocblocks.ts → stripDocblocks/stripDocblocks.ts
2026-03-02 13:09:24    ✓ Moved: ./format.ts → format/format.ts
2026-03-02 13:09:24    ✓ Moved: ./dashCase.ts → dashCase/dashCase.ts
2026-03-02 13:09:24    ✓ Moved: ./pascalCase.ts → pascalCase/pascalCase.ts
2026-03-02 13:09:24    ✓ Moved: ./urlCompliant.ts → urlCompliant/urlCompliant.ts
2026-03-02 13:09:24    ✓ Moved: ./printf.ts → printf/printf.ts
2026-03-02 13:09:24    ✓ Moved: ./replaceTokens.ts → replaceTokens/replaceTokens.ts
2026-03-02 13:09:24    ✓ Moved: ./kebabCase.ts → kebabCase/kebabCase.ts
2026-03-02 13:09:24    ✓ Moved: ./sentenceCase.ts → sentenceCase/sentenceCase.ts
2026-03-02 13:09:24    ✓ Moved: ./ltrim.ts → ltrim/ltrim.ts
2026-03-02 13:09:24    ✓ Moved: ./stripSourcemap.ts → stripSourcemap/stripSourcemap.ts
2026-03-02 13:09:24    ✓ Moved: ./noCase.ts → noCase/noCase.ts
2026-03-02 13:09:24    ✓ Moved: ./truncate.ts → truncate/truncate.ts
2026-03-02 13:09:24    ✓ Moved: ./camelize.ts → camelize/camelize.ts
2026-03-02 13:09:24    ✓ Moved: ./simplifySpecialChars.ts → simplifySpecialChars/simplifySpecialChars.ts
2026-03-02 13:09:24    ✓ Moved: ./simplify.ts → simplify/simplify.ts
2026-03-02 13:09:24    ✅ Completed category: string
2026-03-02 13:09:24    📝 Updating _exports.ts for string
2026-03-02 13:09:24    ✅ Updated _exports.ts for string
2026-03-02 13:09:24 📁 Processing category: object
