2026-03-02 13:09:29 🔗 Updating cross-category imports in function
2026-03-02 13:09:29 🔍 Validating imports in function
2026-03-02 13:09:29    ✅ All imports updated correctly in function
2026-03-02 13:09:29 🔗 Updating cross-category imports in html
2026-03-02 13:09:29 🔍 Validating imports in html
2026-03-02 13:09:29    ⚠️  Found remaining old-style imports in html:
2026-03-02 13:09:29       - expandPleasantCssClassnames.ts
2026-03-02 13:09:29       - extractCssClassesNames.ts
2026-03-02 13:09:29    ⚠️  Validation issues in shared/html - may need manual review
2026-03-02 13:09:29 🔗 Updating cross-category imports in css
2026-03-02 13:09:29 🔍 Validating imports in css
2026-03-02 13:09:29    ⚠️  Found remaining old-style imports in css:
2026-03-02 13:09:29       - _exports.ts
2026-03-02 13:09:29       - _exports.ts
2026-03-02 13:09:29       - _exports.ts
2026-03-02 13:09:29    ⚠️  Validation issues in shared/css - may need manual review
2026-03-02 13:09:29 🔗 Updating cross-category imports in datetime
2026-03-02 13:09:29 🔍 Validating imports in datetime
2026-03-02 13:09:29    ⚠️  Found remaining old-style imports in datetime:
2026-03-02 13:09:29       - diffBetweenDates.ts
2026-03-02 13:09:29       - toYyyyMmDd.ts
2026-03-02 13:09:29    ⚠️  Validation issues in shared/datetime - may need manual review
2026-03-02 13:09:29 🔗 Updating cross-category imports in color
2026-03-02 13:09:29 🔍 Validating imports in color
2026-03-02 13:09:29    ⚠️  Found remaining old-style imports in color:
2026-03-02 13:09:29       - rgbaToHex.ts
2026-03-02 13:09:29       - hslaToHex.ts
2026-03-02 13:09:29       - applyModifiers.ts
2026-03-02 13:09:29       - hslaToRgba.ts
2026-03-02 13:09:29       - rgbaToHsla.ts
2026-03-02 13:09:29       - parseColor.ts
2026-03-02 13:09:29       - convertColor.ts
2026-03-02 13:09:29       - hslaToHexa.ts
2026-03-02 13:09:29    ⚠️  Validation issues in shared/color - may need manual review
2026-03-02 13:09:29 🔗 Updating cross-category imports in easing
2026-03-02 13:09:29 🔍 Validating imports in easing
2026-03-02 13:09:29    ✅ All imports updated correctly in easing
2026-03-02 13:09:29 🔗 Updating cross-category imports in extension
2026-03-02 13:09:30 🔍 Validating imports in extension
2026-03-02 13:09:30    ⚠️  Found remaining old-style imports in extension:
2026-03-02 13:09:30       - commonVideoFileExtensions.ts
2026-03-02 13:09:30       - commonFileExtensions.ts
2026-03-02 13:09:30       - commonWebFileExtensions.ts
2026-03-02 13:09:30       - commonDiscFileExtensions.ts
2026-03-02 13:09:30       - commonProgrammingFileExtensions.ts
2026-03-02 13:09:30       - commonTextFileExtensions.ts
2026-03-02 13:09:30       - commonExecutableFileExtensions.ts
2026-03-02 13:09:30       - commonAudioFileExtensions.ts
2026-03-02 13:09:30       - commonEmailFileExtensions.ts
2026-03-02 13:09:30       - commonCompressedFileExtensions.ts
2026-03-02 13:09:30       - commonDataFileExtensions.ts
2026-03-02 13:09:30       - commonMediaFileExtensions.ts
2026-03-02 13:09:30       - commonImageFileExtensions.ts
2026-03-02 13:09:30       - commonFontFileExtensions.ts
2026-03-02 13:09:30    ⚠️  Validation issues in shared/extension - may need manual review
2026-03-02 13:09:30 🔗 Updating cross-category imports in array
2026-03-02 13:09:30 🔍 Validating imports in array
2026-03-02 13:09:30    ⚠️  Found remaining old-style imports in array:
2026-03-02 13:09:30       - keysFirst.ts
2026-03-02 13:09:30       - sameItems.ts
2026-03-02 13:09:30       - keysLast.ts
2026-03-02 13:09:30       - intersection.ts
2026-03-02 13:09:30       - pickRandom.ts
2026-03-02 13:09:30    ⚠️  Validation issues in shared/array - may need manual review
2026-03-02 13:09:30 🔗 Updating cross-category imports in is
2026-03-02 13:09:30 🔍 Validating imports in is
2026-03-02 13:09:30    ✅ All imports updated correctly in is
2026-03-02 13:09:30 🔗 Updating cross-category imports in is
2026-03-02 13:09:30 🔍 Validating imports in is
2026-03-02 13:09:30    ⚠️  Found remaining old-style imports in is:
2026-03-02 13:09:30       - isPhone.ts
2026-03-02 13:09:30    ⚠️  Validation issues in js/is - may need manual review
2026-03-02 13:09:30 🔗 Updating cross-category imports in is
2026-03-02 13:09:30 🔍 Validating imports in is
2026-03-02 13:09:30    ⚠️  Found remaining old-style imports in is:
2026-03-02 13:09:30       - isEsm.ts
2026-03-02 13:09:30       - isModuleSystem.ts
2026-03-02 13:09:30    ⚠️  Validation issues in shared/is - may need manual review
2026-03-02 13:09:30 🔗 Updating cross-category imports in string
2026-03-02 13:09:30 🔍 Validating imports in string
2026-03-02 13:09:30    ⚠️  Found remaining old-style imports in string:
2026-03-02 13:09:30       - splitEvery.ts
2026-03-02 13:09:30       - namespaceCompliant.ts
2026-03-02 13:09:30       - crop.ts
2026-03-02 13:09:30       - urlCompliant.ts
2026-03-02 13:09:30       - idCompliant.ts
2026-03-02 13:09:30    ⚠️  Validation issues in shared/string - may need manual review
2026-03-02 13:09:30 🔗 Updating cross-category imports in object
2026-03-02 13:09:31 🔍 Validating imports in object
2026-03-02 13:09:31    ⚠️  Found remaining old-style imports in object:
2026-03-02 13:09:31       - toJson.ts
2026-03-02 13:09:31       - ensurePropertyExists.ts
2026-03-02 13:09:31       - deleteProperty.ts
2026-03-02 13:09:31       - mapDeep.ts
2026-03-02 13:09:31       - sortDeep.ts
2026-03-02 13:09:31       - getGlob.ts
2026-03-02 13:09:31       - findDeep.ts
2026-03-02 13:09:31       - set.ts
2026-03-02 13:09:31    ⚠️  Validation issues in shared/object - may need manual review
2026-03-02 13:09:31 🔗 Updating cross-category imports in package
2026-03-02 13:09:31 🔍 Validating imports in package
2026-03-02 13:09:31    ⚠️  Found remaining old-style imports in package:
2026-03-02 13:09:31       - packageJsonSync.ts
2026-03-02 13:09:31       - nodeModulesDir.ts
2026-03-02 13:09:31       - packageDir.ts
2026-03-02 13:09:31       - addPackageDependencies.ts
2026-03-02 13:09:31    ⚠️  Validation issues in node/package - may need manual review
2026-03-02 13:09:31 🔗 Updating cross-category imports in fs
2026-03-02 13:09:31 🔍 Validating imports in fs
2026-03-02 13:09:31    ⚠️  Found remaining old-style imports in fs:
2026-03-02 13:09:31       - writeTmpFileSync.ts
2026-03-02 13:09:31       - writeJsonSync.ts
2026-03-02 13:09:31       - writeJson.ts
2026-03-02 13:09:31       - readJson.ts
2026-03-02 13:09:31       - writeFileSync.ts
2026-03-02 13:09:31       - folderHashSync.ts
2026-03-02 13:09:31       - writeFile.ts
2026-03-02 13:09:31       - renameSync.ts
2026-03-02 13:09:31       - rename.ts
2026-03-02 13:09:31       - checkPathWithMultipleExtensions.ts
2026-03-02 13:09:31       - writeTmpFile.ts
2026-03-02 13:09:31    ⚠️  Validation issues in node/fs - may need manual review
2026-03-02 13:09:31 🔗 Updating cross-category imports in dom
2026-03-02 13:09:31 🔍 Validating imports in dom
2026-03-02 13:09:31    ⚠️  Found remaining old-style imports in dom:
2026-03-02 13:09:31       - _exports.ts
2026-03-02 13:09:31       - _exports.ts
2026-03-02 13:09:31       - _exports.ts
2026-03-02 13:09:31       - unlockScroll.ts
2026-03-02 13:09:31       - _exports.ts
2026-03-02 13:09:31       - _exports.ts
2026-03-02 13:09:31       - _exports.ts
2026-03-02 13:09:31       - _exports.ts
2026-03-02 13:09:32       - _exports.ts
2026-03-02 13:09:32       - transformKeyframesDeclarations.ts
2026-03-02 13:09:32       - getAnimationProperties.ts
2026-03-02 13:09:32       - getKeyframesDeclarations.ts
2026-03-02 13:09:32       - getKeyframesFromStylesheets.ts
2026-03-02 13:09:32       - getTransformProperties.ts
2026-03-02 13:09:32       - _exports.ts
2026-03-02 13:09:32       - getTransitionProperties.ts
2026-03-02 13:09:32       - _exports.ts
2026-03-02 13:09:32       - _exports.ts
2026-03-02 13:09:32       - _exports.ts
2026-03-02 13:09:32       - offsetFromParent.ts
2026-03-02 13:09:32       - _exports.ts
2026-03-02 13:09:32       - whenStylesheetsReady.ts
2026-03-02 13:09:32       - whenBackgroundImageLoaded.ts
2026-03-02 13:09:32       - _exports.ts
2026-03-02 13:09:32       - whenImagesLoaded.ts
2026-03-02 13:09:32       - querySelector.ts
2026-03-02 13:09:32       - closestElement.ts
2026-03-02 13:09:32       - closestScrollableElement.ts
2026-03-02 13:09:32       - querySelectorAll.ts
2026-03-02 13:09:32       - querySelectorUp.ts
2026-03-02 13:09:32       - nextElement.ts
2026-03-02 13:09:32       - previousElement.ts
2026-03-02 13:09:32       - _exports.ts
2026-03-02 13:09:32       - _exports.ts
2026-03-02 13:09:32       - _exports.ts
2026-03-02 13:09:32    ⚠️  Validation issues in js/dom - may need manual review
2026-03-02 13:09:32 🎉 Import path updates completed!
